// Jest Snapshot v1, https://goo.gl/fbAQLP

exports[`PokemonType should render with no data 1`] = `
<div
  class="PokemonTypestyles__MonsterType-sc-1b3gn2z-0 kqIhVQ"
  data-testid="PokemonType"
>
  <p>
    FIRE
  </p>
</div>
`;
