// Jest Snapshot v1, https://goo.gl/fbAQLP

exports[`PokemonGrid matches snapshot 1`] = `
<div
  class="PokemonGridstyles__GridWrapper-sc-1x2xoh6-0 fPNQOF"
  data-testid="PokemonGrid"
>
  <input
    class="PokemonGridstyles__PokemonSearch-sc-1x2xoh6-1 fAmQoN"
    placeholder="Search for a PokÃ©mon name or Dex number!"
    type="text"
  />
</div>
`;
