// Jest Snapshot v1, https://goo.gl/fbAQLP

exports[`PokemonDetails should render with data 1`] = `
<div
  class="PokemonDetailsstyles__PokemonDetailsWrapper-sc-vr58es-0 lcFgPG"
  data-testid="PokemonDetails"
>
  <h1>
    This is Pok√©mon #
    1
    , 
    Bulbasaur
  </h1>
  <div
    class="PokemonDetailsstyles__PokemonImageWrapper-sc-vr58es-1 flpqhd"
  >
    <span
      style="box-sizing: border-box; display: inline-block; overflow: hidden; background: none; opacity: 1; border: 0px; margin: 0px; padding: 0px; position: relative; max-width: 100%;"
    >
      <span
        style="box-sizing: border-box; display: block; background: none; opacity: 1; border: 0px; margin: 0px; padding: 0px; max-width: 100%;"
      >
        <img
          alt=""
          aria-hidden="true"
          src="data:image/svg+xml,%3csvg%20xmlns=%27http://www.w3.org/2000/svg%27%20version=%271.1%27%20width=%27240%27%20height=%27240%27/%3e"
          style="display: block; max-width: 100%; background: none; opacity: 1; border: 0px; margin: 0px; padding: 0px;"
        />
      </span>
      <img
        alt="Bulbasaur artwork"
        data-nimg="intrinsic"
        decoding="async"
        src="data:image/gif;base64,R0lGODlhAQABAIAAAAAAAP///yH5BAEAAAAALAAAAAABAAEAAAIBRAA7"
        style="position: absolute; top: 0px; left: 0px; bottom: 0px; right: 0px; box-sizing: border-box; padding: 0px; margin: auto; display: block; width: 0px; height: 0px; min-width: 100%; max-width: 100%; min-height: 100%; max-height: 100%;"
      />
      <noscript />
    </span>
  </div>
  <span
    class="PokemonDetailsstyles__PokemonDetailText-sc-vr58es-2 gPvLQO"
  >
    Types:
     
    <div
      class="PokemonTypestyles__MonsterType-sc-1b3gn2z-0 LISUX"
      data-testid="PokemonType"
    >
      GRASS
    </div>
  </span>
  <span
    class="PokemonDetailsstyles__PokemonDetailText-sc-vr58es-2 gPvLQO"
  >
    Base experience: 
    64
  </span>
  <span
    class="PokemonDetailsstyles__PokemonDetailText-sc-vr58es-2 gPvLQO"
  >
    Height: 
    0.7
    m
  </span>
  <span
    class="PokemonDetailsstyles__PokemonDetailText-sc-vr58es-2 gPvLQO"
  >
    Weight: 
    6.9
    kg
  </span>
</div>
`;
